#-----------------------------------------------------------
# Vivado v2018.3 (64-bit)
# SW Build 2405991 on Thu Dec  6 23:38:27 MST 2018
# IP Build 2404404 on Fri Dec  7 01:43:56 MST 2018
# Start of session at: Tue Apr 20 21:33:06 2021
# Process ID: 1712
# Current directory: C:/Users/Joanna/Desktop/systemy dedykowane/projekt
# Command line: vivado.exe -gui_launcher_event rodinguilauncherevent14928 C:\Users\Joanna\Desktop\systemy dedykowane\projekt\hamming.xpr
# Log file: C:/Users/Joanna/Desktop/systemy dedykowane/projekt/vivado.log
# Journal file: C:/Users/Joanna/Desktop/systemy dedykowane/projekt\vivado.jou
#-----------------------------------------------------------
start_gui
open_project {C:/Users/Joanna/Desktop/systemy dedykowane/projekt/hamming.xpr}
launch_simulation
source decoder.tcl
# Disabling source management mode.  This is to allow the top design properties to be set without GUI intervention.
set_property source_mgmt_mode None [current_project]
set_property top encoder [current_fileset]
# Re-enabling previously disabled source management mode.
set_property source_mgmt_mode DisplayOnly [current_project]
close_sim
launch_simulation
source decoder.tcl
close_sim
launch_simulation
source decoder.tcl
close_sim
launch_simulation
source decoder.tcl
# Disabling source management mode.  This is to allow the top design properties to be set without GUI intervention.
set_property source_mgmt_mode None [current_project]
set_property top encoder [get_filesets sim_1]
set_property top_lib xil_defaultlib [get_filesets sim_1]
# Re-enabling previously disabled source management mode.
set_property source_mgmt_mode DisplayOnly [current_project]
launch_simulation
source encoder.tcl
close_sim
launch_simulation
source encoder.tcl
close_sim
launch_simulation
source encoder.tcl
close_sim
launch_simulation
source encoder.tcl
close_sim
launch_simulation
source encoder.tcl
close_sim
launch_simulation
source encoder.tcl
close_sim
close_sim
